Analysis & Synthesis report for MODBUS
Thu Aug 27 13:49:18 2026
Quartus Prime Version 18.1.0 Build 625 09/12/2018 SJ Lite Edition


---------------------
; Table of Contents ;
---------------------
  1. Legal Notice
  2. Analysis & Synthesis Summary
  3. Analysis & Synthesis Settings
  4. Parallel Compilation
  5. Analysis & Synthesis Messages



----------------
; Legal Notice ;
----------------
Copyright (C) 2018  Intel Corporation. All rights reserved.
Your use of Intel Corporation's design tools, logic functions 
and other software and tools, and its AMPP partner logic 
functions, and any output files from any of the foregoing 
(including device programming or simulation files), and any 
associated documentation or information are expressly subject 
to the terms and conditions of the Intel Program License 
Subscription Agreement, the Intel Quartus Prime License Agreement,
the Intel FPGA IP License Agreement, or other applicable license
agreement, including, without limitation, that your use is for
the sole purpose of programming logic devices manufactured by
Intel and sold by Intel or its authorized distributors.  Please
refer to the applicable agreement for further details.



+----------------------------------------------------------------------------------+
; Analysis & Synthesis Summary                                                     ;
+------------------------------------+---------------------------------------------+
; Analysis & Synthesis Status        ; Failed - Thu Aug 27 13:49:18 2026           ;
; Quartus Prime Version              ; 18.1.0 Build 625 09/12/2018 SJ Lite Edition ;
; Revision Name                      ; MODBUS                                      ;
; Top-level Entity Name              ; MODBUS                                      ;
; Family                             ; MAX 10                                      ;
; Total logic elements               ; N/A until Partition Merge                   ;
;     Total combinational functions  ; N/A until Partition Merge                   ;
;     Dedicated logic registers      ; N/A until Partition Merge                   ;
; Total registers                    ; N/A until Partition Merge                   ;
; Total pins                         ; N/A until Partition Merge                   ;
; Total virtual pins                 ; N/A until Partition Merge                   ;
; Total memory bits                  ; N/A until Partition Merge                   ;
; Embedded Multiplier 9-bit elements ; N/A until Partition Merge                   ;
; Total PLLs                         ; N/A until Partition Merge                   ;
; UFM blocks                         ; N/A until Partition Merge                   ;
; ADC blocks                         ; N/A until Partition Merge                   ;
+------------------------------------+---------------------------------------------+


+------------------------------------------------------------------------------------------------------------+
; Analysis & Synthesis Settings                                                                              ;
+------------------------------------------------------------------+--------------------+--------------------+
; Option                                                           ; Setting            ; Default Value      ;
+------------------------------------------------------------------+--------------------+--------------------+
; Device                                                           ; 10M50SAE144I7G     ;                    ;
; Top-level entity name                                            ; MODBUS             ; MODBUS             ;
; Family name                                                      ; MAX 10             ; Cyclone V          ;
; Use smart compilation                                            ; Off                ; Off                ;
; Enable parallel Assembler and Timing Analyzer during compilation ; On                 ; On                 ;
; Enable compact report table                                      ; Off                ; Off                ;
; Restructure Multiplexers                                         ; Auto               ; Auto               ;
; Create Debugging Nodes for IP Cores                              ; Off                ; Off                ;
; Preserve fewer node names                                        ; On                 ; On                 ;
; Intel FPGA IP Evaluation Mode                                    ; Enable             ; Enable             ;
; Verilog Version                                                  ; Verilog_2001       ; Verilog_2001       ;
; VHDL Version                                                     ; VHDL_1993          ; VHDL_1993          ;
; State Machine Processing                                         ; Auto               ; Auto               ;
; Safe State Machine                                               ; Off                ; Off                ;
; Extract Verilog State Machines                                   ; On                 ; On                 ;
; Extract VHDL State Machines                                      ; On                 ; On                 ;
; Ignore Verilog initial constructs                                ; Off                ; Off                ;
; Iteration limit for constant Verilog loops                       ; 5000               ; 5000               ;
; Iteration limit for non-constant Verilog loops                   ; 250                ; 250                ;
; Add Pass-Through Logic to Inferred RAMs                          ; On                 ; On                 ;
; Infer RAMs from Raw Logic                                        ; On                 ; On                 ;
; Parallel Synthesis                                               ; On                 ; On                 ;
; DSP Block Balancing                                              ; Auto               ; Auto               ;
; NOT Gate Push-Back                                               ; On                 ; On                 ;
; Power-Up Don't Care                                              ; On                 ; On                 ;
; Remove Redundant Logic Cells                                     ; Off                ; Off                ;
; Remove Duplicate Registers                                       ; On                 ; On                 ;
; Ignore CARRY Buffers                                             ; Off                ; Off                ;
; Ignore CASCADE Buffers                                           ; Off                ; Off                ;
; Ignore GLOBAL Buffers                                            ; Off                ; Off                ;
; Ignore ROW GLOBAL Buffers                                        ; Off                ; Off                ;
; Ignore LCELL Buffers                                             ; Off                ; Off                ;
; Ignore SOFT Buffers                                              ; On                 ; On                 ;
; Limit AHDL Integers to 32 Bits                                   ; Off                ; Off                ;
; Optimization Technique                                           ; Balanced           ; Balanced           ;
; Carry Chain Length                                               ; 70                 ; 70                 ;
; Auto Carry Chains                                                ; On                 ; On                 ;
; Auto Open-Drain Pins                                             ; On                 ; On                 ;
; Perform WYSIWYG Primitive Resynthesis                            ; Off                ; Off                ;
; Auto ROM Replacement                                             ; On                 ; On                 ;
; Auto RAM Replacement                                             ; On                 ; On                 ;
; Auto DSP Block Replacement                                       ; On                 ; On                 ;
; Auto Shift Register Replacement                                  ; Auto               ; Auto               ;
; Allow Shift Register Merging across Hierarchies                  ; Auto               ; Auto               ;
; Auto Clock Enable Replacement                                    ; On                 ; On                 ;
; Strict RAM Replacement                                           ; Off                ; Off                ;
; Allow Synchronous Control Signals                                ; On                 ; On                 ;
; Force Use of Synchronous Clear Signals                           ; Off                ; Off                ;
; Auto RAM Block Balancing                                         ; On                 ; On                 ;
; Auto RAM to Logic Cell Conversion                                ; Off                ; Off                ;
; Auto Resource Sharing                                            ; Off                ; Off                ;
; Allow Any RAM Size For Recognition                               ; Off                ; Off                ;
; Allow Any ROM Size For Recognition                               ; Off                ; Off                ;
; Allow Any Shift Register Size For Recognition                    ; Off                ; Off                ;
; Use LogicLock Constraints during Resource Balancing              ; On                 ; On                 ;
; Ignore translate_off and synthesis_off directives                ; Off                ; Off                ;
; Timing-Driven Synthesis                                          ; On                 ; On                 ;
; Report Parameter Settings                                        ; On                 ; On                 ;
; Report Source Assignments                                        ; On                 ; On                 ;
; Report Connectivity Checks                                       ; On                 ; On                 ;
; Ignore Maximum Fan-Out Assignments                               ; Off                ; Off                ;
; Synchronization Register Chain Length                            ; 2                  ; 2                  ;
; Power Optimization During Synthesis                              ; Normal compilation ; Normal compilation ;
; HDL message level                                                ; Level2             ; Level2             ;
; Suppress Register Optimization Related Messages                  ; Off                ; Off                ;
; Number of Removed Registers Reported in Synthesis Report         ; 5000               ; 5000               ;
; Number of Swept Nodes Reported in Synthesis Report               ; 5000               ; 5000               ;
; Number of Inverted Registers Reported in Synthesis Report        ; 100                ; 100                ;
; Clock MUX Protection                                             ; On                 ; On                 ;
; Auto Gated Clock Conversion                                      ; Off                ; Off                ;
; Block Design Naming                                              ; Auto               ; Auto               ;
; SDC constraint protection                                        ; Off                ; Off                ;
; Synthesis Effort                                                 ; Auto               ; Auto               ;
; Shift Register Replacement - Allow Asynchronous Clear Signal     ; On                 ; On                 ;
; Pre-Mapping Resynthesis Optimization                             ; Off                ; Off                ;
; Analysis & Synthesis Message Level                               ; Medium             ; Medium             ;
; Disable Register Merging Across Hierarchies                      ; Auto               ; Auto               ;
; Resource Aware Inference For Block RAM                           ; On                 ; On                 ;
+------------------------------------------------------------------+--------------------+--------------------+


+------------------------------------------+
; Parallel Compilation                     ;
+----------------------------+-------------+
; Processors                 ; Number      ;
+----------------------------+-------------+
; Number detected on machine ; 20          ;
; Maximum allowed            ; 14          ;
;                            ;             ;
; Average used               ; 1.00        ;
; Maximum used               ; 1           ;
;                            ;             ;
; Usage by Processor         ; % Time Used ;
;     Processor 1            ; 100.0%      ;
+----------------------------+-------------+


+-------------------------------+
; Analysis & Synthesis Messages ;
+-------------------------------+
Info: *******************************************************************
Info: Running Quartus Prime Analysis & Synthesis
    Info: Version 18.1.0 Build 625 09/12/2018 SJ Lite Edition
    Info: Processing started: Thu Aug 27 13:49:11 2026
Info: Command: quartus_map --read_settings_files=on --write_settings_files=off MODBUS -c MODBUS
Warning (125096): Overriding device family setting Cyclone III -- part 10M50SAE144I7G belongs to device family MAX 10
    Info (125063): set_global_assignment -name FAMILY "Cyclone III"
Warning (18236): Number of processors has not been specified which may cause overloading on shared machines.  Set the global assignment NUM_PARALLEL_PROCESSORS in your QSF to an appropriate value for best performance.
Info (20030): Parallel compilation is enabled and will use 14 of the 14 processors detected
Info (12021): Found 1 design units, including 1 entities, in source file cic_8.v
    Info (12023): Found entity 1: cic_8 File: C:/Users/geesamen/Documents/GitProjects/EES_REPO_CTRL/LLRF3_HTR/cic_8.v Line: 7
Info (12021): Found 1 design units, including 1 entities, in source file iir_lpf.v
    Info (12023): Found entity 1: iir_lpf File: C:/Users/geesamen/Documents/GitProjects/EES_REPO_CTRL/LLRF3_HTR/iir_lpf.v Line: 21
Info (12021): Found 2 design units, including 1 entities, in source file iirk_simple.vhd
    Info (12022): Found design unit 1: IIR_SIMPLE-BEHAVIOR File: C:/Users/geesamen/Documents/GitProjects/EES_REPO_CTRL/LLRF3_HTR/IIRK_SIMPLE.vhd Line: 17
    Info (12023): Found entity 1: IIR_SIMPLE File: C:/Users/geesamen/Documents/GitProjects/EES_REPO_CTRL/LLRF3_HTR/IIRK_SIMPLE.vhd Line: 6
Info (12021): Found 23 design units, including 11 entities, in source file components.vhd
    Info (12022): Found design unit 1: components File: C:/Users/geesamen/Documents/GitProjects/EES_REPO_CTRL/LLRF3_HTR/components.vhd Line: 4
    Info (12022): Found design unit 2: regne-regne File: C:/Users/geesamen/Documents/GitProjects/EES_REPO_CTRL/LLRF3_HTR/components.vhd Line: 161
    Info (12022): Found design unit 3: counter-counter File: C:/Users/geesamen/Documents/GitProjects/EES_REPO_CTRL/LLRF3_HTR/components.vhd Line: 197
    Info (12022): Found design unit 4: FLIP_FLOP-FLIP_FLOP File: C:/Users/geesamen/Documents/GitProjects/EES_REPO_CTRL/LLRF3_HTR/components.vhd Line: 231
    Info (12022): Found design unit 5: SHIFT_LEFT_REG-BEHAVIOR File: C:/Users/geesamen/Documents/GitProjects/EES_REPO_CTRL/LLRF3_HTR/components.vhd Line: 263
    Info (12022): Found design unit 6: SHIFT_REG-BEHAVIOR File: C:/Users/geesamen/Documents/GitProjects/EES_REPO_CTRL/LLRF3_HTR/components.vhd Line: 305
    Info (12022): Found design unit 7: shift_reg_fcc-behavior File: C:/Users/geesamen/Documents/GitProjects/EES_REPO_CTRL/LLRF3_HTR/components.vhd Line: 347
    Info (12022): Found design unit 8: SHIFT_LEFT_BIT-BEHAVIOR File: C:/Users/geesamen/Documents/GitProjects/EES_REPO_CTRL/LLRF3_HTR/components.vhd Line: 390
    Info (12022): Found design unit 9: SHIFT_LEFT_REG_FCC-BEHAVIOR File: C:/Users/geesamen/Documents/GitProjects/EES_REPO_CTRL/LLRF3_HTR/components.vhd Line: 432
    Info (12022): Found design unit 10: SHIFT_SQUARE_ROOT-BEHAVIOR File: C:/Users/geesamen/Documents/GitProjects/EES_REPO_CTRL/LLRF3_HTR/components.vhd Line: 480
    Info (12022): Found design unit 11: SQUARE_ROOT-BEHAVIOR File: C:/Users/geesamen/Documents/GitProjects/EES_REPO_CTRL/LLRF3_HTR/components.vhd Line: 529
    Info (12022): Found design unit 12: SHIFT_LEFT_REG_ADS8353-BEHAVIOR File: C:/Users/geesamen/Documents/GitProjects/EES_REPO_CTRL/LLRF3_HTR/components.vhd Line: 756
    Info (12023): Found entity 1: regne File: C:/Users/geesamen/Documents/GitProjects/EES_REPO_CTRL/LLRF3_HTR/components.vhd Line: 150
    Info (12023): Found entity 2: counter File: C:/Users/geesamen/Documents/GitProjects/EES_REPO_CTRL/LLRF3_HTR/components.vhd Line: 187
    Info (12023): Found entity 3: FLIP_FLOP File: C:/Users/geesamen/Documents/GitProjects/EES_REPO_CTRL/LLRF3_HTR/components.vhd Line: 221
    Info (12023): Found entity 4: SHIFT_LEFT_REG File: C:/Users/geesamen/Documents/GitProjects/EES_REPO_CTRL/LLRF3_HTR/components.vhd Line: 253
    Info (12023): Found entity 5: SHIFT_REG File: C:/Users/geesamen/Documents/GitProjects/EES_REPO_CTRL/LLRF3_HTR/components.vhd Line: 294
    Info (12023): Found entity 6: shift_reg_fcc File: C:/Users/geesamen/Documents/GitProjects/EES_REPO_CTRL/LLRF3_HTR/components.vhd Line: 336
    Info (12023): Found entity 7: SHIFT_LEFT_BIT File: C:/Users/geesamen/Documents/GitProjects/EES_REPO_CTRL/LLRF3_HTR/components.vhd Line: 378
    Info (12023): Found entity 8: SHIFT_LEFT_REG_FCC File: C:/Users/geesamen/Documents/GitProjects/EES_REPO_CTRL/LLRF3_HTR/components.vhd Line: 420
    Info (12023): Found entity 9: SHIFT_SQUARE_ROOT File: C:/Users/geesamen/Documents/GitProjects/EES_REPO_CTRL/LLRF3_HTR/components.vhd Line: 465
    Info (12023): Found entity 10: SQUARE_ROOT File: C:/Users/geesamen/Documents/GitProjects/EES_REPO_CTRL/LLRF3_HTR/components.vhd Line: 517
    Info (12023): Found entity 11: SHIFT_LEFT_REG_ADS8353 File: C:/Users/geesamen/Documents/GitProjects/EES_REPO_CTRL/LLRF3_HTR/components.vhd Line: 745
Info (12021): Found 2 design units, including 1 entities, in source file mbp_regs_new.vhd
    Info (12022): Found design unit 1: mbp_regs_new-mixed File: C:/Users/geesamen/Documents/GitProjects/EES_REPO_CTRL/LLRF3_HTR/mbp_regs_new.vhd Line: 29
    Info (12023): Found entity 1: mbp_regs_new File: C:/Users/geesamen/Documents/GitProjects/EES_REPO_CTRL/LLRF3_HTR/mbp_regs_new.vhd Line: 9
Info (12021): Found 2 design units, including 1 entities, in source file dac8568_control.vhd
    Info (12022): Found design unit 1: DAC8568_CONTROL-BEHAVIOR File: C:/Users/geesamen/Documents/GitProjects/EES_REPO_CTRL/LLRF3_HTR/DAC8568_CONTROL.vhd Line: 21
    Info (12023): Found entity 1: DAC8568_CONTROL File: C:/Users/geesamen/Documents/GitProjects/EES_REPO_CTRL/LLRF3_HTR/DAC8568_CONTROL.vhd Line: 6
Info (12021): Found 2 design units, including 1 entities, in source file ads8688.vhd
    Info (12022): Found design unit 1: ADS8688-BEHAVIOR File: C:/Users/geesamen/Documents/GitProjects/EES_REPO_CTRL/LLRF3_HTR/ADS8688.vhd Line: 20
    Info (12023): Found entity 1: ADS8688 File: C:/Users/geesamen/Documents/GitProjects/EES_REPO_CTRL/LLRF3_HTR/ADS8688.vhd Line: 5
Info (12021): Found 1 design units, including 1 entities, in source file heartbeat.tdf
    Info (12023): Found entity 1: Heartbeat File: C:/Users/geesamen/Documents/GitProjects/EES_REPO_CTRL/LLRF3_HTR/Heartbeat.tdf Line: 1
Info (12021): Found 2 design units, including 1 entities, in source file slim_txrx.vhd
    Info (12022): Found design unit 1: slim_txrx-mixed File: C:/Users/geesamen/Documents/GitProjects/EES_REPO_CTRL/LLRF3_HTR/slim_txrx.vhd Line: 29
    Info (12023): Found entity 1: slim_txrx File: C:/Users/geesamen/Documents/GitProjects/EES_REPO_CTRL/LLRF3_HTR/slim_txrx.vhd Line: 6
Info (12021): Found 2 design units, including 1 entities, in source file mbp_top_level.vhd
    Info (12022): Found design unit 1: mbp_top_level-mixed File: C:/Users/geesamen/Documents/GitProjects/EES_REPO_CTRL/LLRF3_HTR/mbp_top_level.vhd Line: 30
    Info (12023): Found entity 1: mbp_top_level File: C:/Users/geesamen/Documents/GitProjects/EES_REPO_CTRL/LLRF3_HTR/mbp_top_level.vhd Line: 10
Info (12021): Found 2 design units, including 1 entities, in source file mbp_regs.vhd
    Info (12022): Found design unit 1: mbp_regs-mixed File: C:/Users/geesamen/Documents/GitProjects/EES_REPO_CTRL/LLRF3_HTR/mbp_regs.vhd Line: 41
    Info (12023): Found entity 1: mbp_regs File: C:/Users/geesamen/Documents/GitProjects/EES_REPO_CTRL/LLRF3_HTR/mbp_regs.vhd Line: 9
Info (12021): Found 3 design units, including 1 entities, in source file mbp.vhd
    Info (12022): Found design unit 1: mbp_lib File: C:/Users/geesamen/Documents/GitProjects/EES_REPO_CTRL/LLRF3_HTR/mbp.vhd Line: 8
    Info (12022): Found design unit 2: mbp-mixed File: C:/Users/geesamen/Documents/GitProjects/EES_REPO_CTRL/LLRF3_HTR/mbp.vhd Line: 45
    Info (12023): Found entity 1: mbp File: C:/Users/geesamen/Documents/GitProjects/EES_REPO_CTRL/LLRF3_HTR/mbp.vhd Line: 20
Info (12021): Found 1 design units, including 1 entities, in source file modbus.bdf
    Info (12023): Found entity 1: MODBUS
Info (12021): Found 2 design units, including 1 entities, in source file filters.vhd
    Info (12022): Found design unit 1: FILTERS-BEHAVIOR File: C:/Users/geesamen/Documents/GitProjects/EES_REPO_CTRL/LLRF3_HTR/Filters.vhd Line: 15
    Info (12023): Found entity 1: FILTERS File: C:/Users/geesamen/Documents/GitProjects/EES_REPO_CTRL/LLRF3_HTR/Filters.vhd Line: 5
Info (12021): Found 2 design units, including 1 entities, in source file heat_control.vhd
    Info (12022): Found design unit 1: HEAT_CONTROL-behavior File: C:/Users/geesamen/Documents/GitProjects/EES_REPO_CTRL/LLRF3_HTR/Heat_Control.vhd Line: 20
    Info (12023): Found entity 1: HEAT_CONTROL File: C:/Users/geesamen/Documents/GitProjects/EES_REPO_CTRL/LLRF3_HTR/Heat_Control.vhd Line: 6
Info (12021): Found 1 design units, including 1 entities, in source file heartbeat_fp.tdf
    Info (12023): Found entity 1: Heartbeat_FP File: C:/Users/geesamen/Documents/GitProjects/EES_REPO_CTRL/LLRF3_HTR/Heartbeat_FP.tdf Line: 1
Info (12127): Elaborating entity "MODBUS" for the top level hierarchy
Warning (275043): Pin "LED[4..0]" is missing source
Info (12128): Elaborating entity "Heartbeat" for hierarchy "Heartbeat:inst7"
Info (12128): Elaborating entity "ADS8688" for hierarchy "ADS8688:inst5"
Info (12128): Elaborating entity "counter" for hierarchy "ADS8688:inst5|counter:DATA_COUNTER" File: C:/Users/geesamen/Documents/GitProjects/EES_REPO_CTRL/LLRF3_HTR/ADS8688.vhd Line: 96
Info (12128): Elaborating entity "FLIP_FLOP" for hierarchy "ADS8688:inst5|FLIP_FLOP:CTRL_REG_SEL_FF" File: C:/Users/geesamen/Documents/GitProjects/EES_REPO_CTRL/LLRF3_HTR/ADS8688.vhd Line: 139
Info (12128): Elaborating entity "SHIFT_LEFT_REG_ADS8353" for hierarchy "ADS8688:inst5|SHIFT_LEFT_REG_ADS8353:ADC_DIN_REG" File: C:/Users/geesamen/Documents/GitProjects/EES_REPO_CTRL/LLRF3_HTR/ADS8688.vhd Line: 148
Info (12128): Elaborating entity "counter" for hierarchy "ADS8688:inst5|counter:SCLK_COUNTER" File: C:/Users/geesamen/Documents/GitProjects/EES_REPO_CTRL/LLRF3_HTR/ADS8688.vhd Line: 167
Info (12128): Elaborating entity "counter" for hierarchy "ADS8688:inst5|counter:BIT_COUNTER" File: C:/Users/geesamen/Documents/GitProjects/EES_REPO_CTRL/LLRF3_HTR/ADS8688.vhd Line: 194
Info (12128): Elaborating entity "SHIFT_LEFT_REG" for hierarchy "ADS8688:inst5|SHIFT_LEFT_REG:CONV_DATA_CHA" File: C:/Users/geesamen/Documents/GitProjects/EES_REPO_CTRL/LLRF3_HTR/ADS8688.vhd Line: 212
Info (12128): Elaborating entity "regne" for hierarchy "ADS8688:inst5|regne:CHA_DATA_BUF" File: C:/Users/geesamen/Documents/GitProjects/EES_REPO_CTRL/LLRF3_HTR/ADS8688.vhd Line: 221
Info (12128): Elaborating entity "FILTERS" for hierarchy "ADS8688:inst5|FILTERS:CHA_DATA_FILTER" File: C:/Users/geesamen/Documents/GitProjects/EES_REPO_CTRL/LLRF3_HTR/ADS8688.vhd Line: 290
Warning (10631): VHDL Process Statement warning at Filters.vhd(97): inferring latch(es) for signal or variable "FULL_IIR_OUT", which holds its previous value in one or more paths through the process File: C:/Users/geesamen/Documents/GitProjects/EES_REPO_CTRL/LLRF3_HTR/Filters.vhd Line: 97
Warning (10631): VHDL Process Statement warning at Filters.vhd(97): inferring latch(es) for signal or variable "SIMPLE_IIR_OUT", which holds its previous value in one or more paths through the process File: C:/Users/geesamen/Documents/GitProjects/EES_REPO_CTRL/LLRF3_HTR/Filters.vhd Line: 97
Warning (10631): VHDL Process Statement warning at Filters.vhd(97): inferring latch(es) for signal or variable "FULL_IIR_CHAIN_OUT", which holds its previous value in one or more paths through the process File: C:/Users/geesamen/Documents/GitProjects/EES_REPO_CTRL/LLRF3_HTR/Filters.vhd Line: 97
Info (10041): Inferred latch for "FULL_IIR_CHAIN_OUT[0]" at Filters.vhd(97) File: C:/Users/geesamen/Documents/GitProjects/EES_REPO_CTRL/LLRF3_HTR/Filters.vhd Line: 97
Info (10041): Inferred latch for "FULL_IIR_CHAIN_OUT[1]" at Filters.vhd(97) File: C:/Users/geesamen/Documents/GitProjects/EES_REPO_CTRL/LLRF3_HTR/Filters.vhd Line: 97
Info (10041): Inferred latch for "FULL_IIR_CHAIN_OUT[2]" at Filters.vhd(97) File: C:/Users/geesamen/Documents/GitProjects/EES_REPO_CTRL/LLRF3_HTR/Filters.vhd Line: 97
Info (10041): Inferred latch for "FULL_IIR_CHAIN_OUT[3]" at Filters.vhd(97) File: C:/Users/geesamen/Documents/GitProjects/EES_REPO_CTRL/LLRF3_HTR/Filters.vhd Line: 97
Info (10041): Inferred latch for "FULL_IIR_CHAIN_OUT[4]" at Filters.vhd(97) File: C:/Users/geesamen/Documents/GitProjects/EES_REPO_CTRL/LLRF3_HTR/Filters.vhd Line: 97
Info (10041): Inferred latch for "FULL_IIR_CHAIN_OUT[5]" at Filters.vhd(97) File: C:/Users/geesamen/Documents/GitProjects/EES_REPO_CTRL/LLRF3_HTR/Filters.vhd Line: 97
Info (10041): Inferred latch for "FULL_IIR_CHAIN_OUT[6]" at Filters.vhd(97) File: C:/Users/geesamen/Documents/GitProjects/EES_REPO_CTRL/LLRF3_HTR/Filters.vhd Line: 97
Info (10041): Inferred latch for "FULL_IIR_CHAIN_OUT[7]" at Filters.vhd(97) File: C:/Users/geesamen/Documents/GitProjects/EES_REPO_CTRL/LLRF3_HTR/Filters.vhd Line: 97
Info (10041): Inferred latch for "FULL_IIR_CHAIN_OUT[8]" at Filters.vhd(97) File: C:/Users/geesamen/Documents/GitProjects/EES_REPO_CTRL/LLRF3_HTR/Filters.vhd Line: 97
Info (10041): Inferred latch for "FULL_IIR_CHAIN_OUT[9]" at Filters.vhd(97) File: C:/Users/geesamen/Documents/GitProjects/EES_REPO_CTRL/LLRF3_HTR/Filters.vhd Line: 97
Info (10041): Inferred latch for "FULL_IIR_CHAIN_OUT[10]" at Filters.vhd(97) File: C:/Users/geesamen/Documents/GitProjects/EES_REPO_CTRL/LLRF3_HTR/Filters.vhd Line: 97
Info (10041): Inferred latch for "FULL_IIR_CHAIN_OUT[11]" at Filters.vhd(97) File: C:/Users/geesamen/Documents/GitProjects/EES_REPO_CTRL/LLRF3_HTR/Filters.vhd Line: 97
Info (10041): Inferred latch for "FULL_IIR_CHAIN_OUT[12]" at Filters.vhd(97) File: C:/Users/geesamen/Documents/GitProjects/EES_REPO_CTRL/LLRF3_HTR/Filters.vhd Line: 97
Info (10041): Inferred latch for "FULL_IIR_CHAIN_OUT[13]" at Filters.vhd(97) File: C:/Users/geesamen/Documents/GitProjects/EES_REPO_CTRL/LLRF3_HTR/Filters.vhd Line: 97
Info (10041): Inferred latch for "FULL_IIR_CHAIN_OUT[14]" at Filters.vhd(97) File: C:/Users/geesamen/Documents/GitProjects/EES_REPO_CTRL/LLRF3_HTR/Filters.vhd Line: 97
Info (10041): Inferred latch for "FULL_IIR_CHAIN_OUT[15]" at Filters.vhd(97) File: C:/Users/geesamen/Documents/GitProjects/EES_REPO_CTRL/LLRF3_HTR/Filters.vhd Line: 97
Info (10041): Inferred latch for "SIMPLE_IIR_OUT[0]" at Filters.vhd(97) File: C:/Users/geesamen/Documents/GitProjects/EES_REPO_CTRL/LLRF3_HTR/Filters.vhd Line: 97
Info (10041): Inferred latch for "SIMPLE_IIR_OUT[1]" at Filters.vhd(97) File: C:/Users/geesamen/Documents/GitProjects/EES_REPO_CTRL/LLRF3_HTR/Filters.vhd Line: 97
Info (10041): Inferred latch for "SIMPLE_IIR_OUT[2]" at Filters.vhd(97) File: C:/Users/geesamen/Documents/GitProjects/EES_REPO_CTRL/LLRF3_HTR/Filters.vhd Line: 97
Info (10041): Inferred latch for "SIMPLE_IIR_OUT[3]" at Filters.vhd(97) File: C:/Users/geesamen/Documents/GitProjects/EES_REPO_CTRL/LLRF3_HTR/Filters.vhd Line: 97
Info (10041): Inferred latch for "SIMPLE_IIR_OUT[4]" at Filters.vhd(97) File: C:/Users/geesamen/Documents/GitProjects/EES_REPO_CTRL/LLRF3_HTR/Filters.vhd Line: 97
Info (10041): Inferred latch for "SIMPLE_IIR_OUT[5]" at Filters.vhd(97) File: C:/Users/geesamen/Documents/GitProjects/EES_REPO_CTRL/LLRF3_HTR/Filters.vhd Line: 97
Info (10041): Inferred latch for "SIMPLE_IIR_OUT[6]" at Filters.vhd(97) File: C:/Users/geesamen/Documents/GitProjects/EES_REPO_CTRL/LLRF3_HTR/Filters.vhd Line: 97
Info (10041): Inferred latch for "SIMPLE_IIR_OUT[7]" at Filters.vhd(97) File: C:/Users/geesamen/Documents/GitProjects/EES_REPO_CTRL/LLRF3_HTR/Filters.vhd Line: 97
Info (10041): Inferred latch for "SIMPLE_IIR_OUT[8]" at Filters.vhd(97) File: C:/Users/geesamen/Documents/GitProjects/EES_REPO_CTRL/LLRF3_HTR/Filters.vhd Line: 97
Info (10041): Inferred latch for "SIMPLE_IIR_OUT[9]" at Filters.vhd(97) File: C:/Users/geesamen/Documents/GitProjects/EES_REPO_CTRL/LLRF3_HTR/Filters.vhd Line: 97
Info (10041): Inferred latch for "SIMPLE_IIR_OUT[10]" at Filters.vhd(97) File: C:/Users/geesamen/Documents/GitProjects/EES_REPO_CTRL/LLRF3_HTR/Filters.vhd Line: 97
Info (10041): Inferred latch for "SIMPLE_IIR_OUT[11]" at Filters.vhd(97) File: C:/Users/geesamen/Documents/GitProjects/EES_REPO_CTRL/LLRF3_HTR/Filters.vhd Line: 97
Info (10041): Inferred latch for "SIMPLE_IIR_OUT[12]" at Filters.vhd(97) File: C:/Users/geesamen/Documents/GitProjects/EES_REPO_CTRL/LLRF3_HTR/Filters.vhd Line: 97
Info (10041): Inferred latch for "SIMPLE_IIR_OUT[13]" at Filters.vhd(97) File: C:/Users/geesamen/Documents/GitProjects/EES_REPO_CTRL/LLRF3_HTR/Filters.vhd Line: 97
Info (10041): Inferred latch for "SIMPLE_IIR_OUT[14]" at Filters.vhd(97) File: C:/Users/geesamen/Documents/GitProjects/EES_REPO_CTRL/LLRF3_HTR/Filters.vhd Line: 97
Info (10041): Inferred latch for "SIMPLE_IIR_OUT[15]" at Filters.vhd(97) File: C:/Users/geesamen/Documents/GitProjects/EES_REPO_CTRL/LLRF3_HTR/Filters.vhd Line: 97
Info (10041): Inferred latch for "FULL_IIR_OUT[0]" at Filters.vhd(97) File: C:/Users/geesamen/Documents/GitProjects/EES_REPO_CTRL/LLRF3_HTR/Filters.vhd Line: 97
Info (10041): Inferred latch for "FULL_IIR_OUT[1]" at Filters.vhd(97) File: C:/Users/geesamen/Documents/GitProjects/EES_REPO_CTRL/LLRF3_HTR/Filters.vhd Line: 97
Info (10041): Inferred latch for "FULL_IIR_OUT[2]" at Filters.vhd(97) File: C:/Users/geesamen/Documents/GitProjects/EES_REPO_CTRL/LLRF3_HTR/Filters.vhd Line: 97
Info (10041): Inferred latch for "FULL_IIR_OUT[3]" at Filters.vhd(97) File: C:/Users/geesamen/Documents/GitProjects/EES_REPO_CTRL/LLRF3_HTR/Filters.vhd Line: 97
Info (10041): Inferred latch for "FULL_IIR_OUT[4]" at Filters.vhd(97) File: C:/Users/geesamen/Documents/GitProjects/EES_REPO_CTRL/LLRF3_HTR/Filters.vhd Line: 97
Info (10041): Inferred latch for "FULL_IIR_OUT[5]" at Filters.vhd(97) File: C:/Users/geesamen/Documents/GitProjects/EES_REPO_CTRL/LLRF3_HTR/Filters.vhd Line: 97
Info (10041): Inferred latch for "FULL_IIR_OUT[6]" at Filters.vhd(97) File: C:/Users/geesamen/Documents/GitProjects/EES_REPO_CTRL/LLRF3_HTR/Filters.vhd Line: 97
Info (10041): Inferred latch for "FULL_IIR_OUT[7]" at Filters.vhd(97) File: C:/Users/geesamen/Documents/GitProjects/EES_REPO_CTRL/LLRF3_HTR/Filters.vhd Line: 97
Info (10041): Inferred latch for "FULL_IIR_OUT[8]" at Filters.vhd(97) File: C:/Users/geesamen/Documents/GitProjects/EES_REPO_CTRL/LLRF3_HTR/Filters.vhd Line: 97
Info (10041): Inferred latch for "FULL_IIR_OUT[9]" at Filters.vhd(97) File: C:/Users/geesamen/Documents/GitProjects/EES_REPO_CTRL/LLRF3_HTR/Filters.vhd Line: 97
Info (10041): Inferred latch for "FULL_IIR_OUT[10]" at Filters.vhd(97) File: C:/Users/geesamen/Documents/GitProjects/EES_REPO_CTRL/LLRF3_HTR/Filters.vhd Line: 97
Info (10041): Inferred latch for "FULL_IIR_OUT[11]" at Filters.vhd(97) File: C:/Users/geesamen/Documents/GitProjects/EES_REPO_CTRL/LLRF3_HTR/Filters.vhd Line: 97
Info (10041): Inferred latch for "FULL_IIR_OUT[12]" at Filters.vhd(97) File: C:/Users/geesamen/Documents/GitProjects/EES_REPO_CTRL/LLRF3_HTR/Filters.vhd Line: 97
Info (10041): Inferred latch for "FULL_IIR_OUT[13]" at Filters.vhd(97) File: C:/Users/geesamen/Documents/GitProjects/EES_REPO_CTRL/LLRF3_HTR/Filters.vhd Line: 97
Info (10041): Inferred latch for "FULL_IIR_OUT[14]" at Filters.vhd(97) File: C:/Users/geesamen/Documents/GitProjects/EES_REPO_CTRL/LLRF3_HTR/Filters.vhd Line: 97
Info (10041): Inferred latch for "FULL_IIR_OUT[15]" at Filters.vhd(97) File: C:/Users/geesamen/Documents/GitProjects/EES_REPO_CTRL/LLRF3_HTR/Filters.vhd Line: 97
Error (10028): Can't resolve multiple constant drivers for net "FULL_IIR_OUT[15]" at Filters.vhd(73) File: C:/Users/geesamen/Documents/GitProjects/EES_REPO_CTRL/LLRF3_HTR/Filters.vhd Line: 73
Error (10029): Constant driver at Filters.vhd(97) File: C:/Users/geesamen/Documents/GitProjects/EES_REPO_CTRL/LLRF3_HTR/Filters.vhd Line: 97
Error (10028): Can't resolve multiple constant drivers for net "FULL_IIR_OUT[14]" at Filters.vhd(73) File: C:/Users/geesamen/Documents/GitProjects/EES_REPO_CTRL/LLRF3_HTR/Filters.vhd Line: 73
Error (10028): Can't resolve multiple constant drivers for net "FULL_IIR_OUT[13]" at Filters.vhd(73) File: C:/Users/geesamen/Documents/GitProjects/EES_REPO_CTRL/LLRF3_HTR/Filters.vhd Line: 73
Error (10028): Can't resolve multiple constant drivers for net "FULL_IIR_OUT[12]" at Filters.vhd(73) File: C:/Users/geesamen/Documents/GitProjects/EES_REPO_CTRL/LLRF3_HTR/Filters.vhd Line: 73
Error (10028): Can't resolve multiple constant drivers for net "FULL_IIR_OUT[11]" at Filters.vhd(73) File: C:/Users/geesamen/Documents/GitProjects/EES_REPO_CTRL/LLRF3_HTR/Filters.vhd Line: 73
Error (10028): Can't resolve multiple constant drivers for net "FULL_IIR_OUT[10]" at Filters.vhd(73) File: C:/Users/geesamen/Documents/GitProjects/EES_REPO_CTRL/LLRF3_HTR/Filters.vhd Line: 73
Error (10028): Can't resolve multiple constant drivers for net "FULL_IIR_OUT[9]" at Filters.vhd(73) File: C:/Users/geesamen/Documents/GitProjects/EES_REPO_CTRL/LLRF3_HTR/Filters.vhd Line: 73
Error (10028): Can't resolve multiple constant drivers for net "FULL_IIR_OUT[8]" at Filters.vhd(73) File: C:/Users/geesamen/Documents/GitProjects/EES_REPO_CTRL/LLRF3_HTR/Filters.vhd Line: 73
Error (10028): Can't resolve multiple constant drivers for net "FULL_IIR_OUT[7]" at Filters.vhd(73) File: C:/Users/geesamen/Documents/GitProjects/EES_REPO_CTRL/LLRF3_HTR/Filters.vhd Line: 73
Error (10028): Can't resolve multiple constant drivers for net "FULL_IIR_OUT[6]" at Filters.vhd(73) File: C:/Users/geesamen/Documents/GitProjects/EES_REPO_CTRL/LLRF3_HTR/Filters.vhd Line: 73
Error (10028): Can't resolve multiple constant drivers for net "FULL_IIR_OUT[5]" at Filters.vhd(73) File: C:/Users/geesamen/Documents/GitProjects/EES_REPO_CTRL/LLRF3_HTR/Filters.vhd Line: 73
Error (10028): Can't resolve multiple constant drivers for net "FULL_IIR_OUT[4]" at Filters.vhd(73) File: C:/Users/geesamen/Documents/GitProjects/EES_REPO_CTRL/LLRF3_HTR/Filters.vhd Line: 73
Error (10028): Can't resolve multiple constant drivers for net "FULL_IIR_OUT[3]" at Filters.vhd(73) File: C:/Users/geesamen/Documents/GitProjects/EES_REPO_CTRL/LLRF3_HTR/Filters.vhd Line: 73
Error (10028): Can't resolve multiple constant drivers for net "FULL_IIR_OUT[2]" at Filters.vhd(73) File: C:/Users/geesamen/Documents/GitProjects/EES_REPO_CTRL/LLRF3_HTR/Filters.vhd Line: 73
Error (10028): Can't resolve multiple constant drivers for net "FULL_IIR_OUT[1]" at Filters.vhd(73) File: C:/Users/geesamen/Documents/GitProjects/EES_REPO_CTRL/LLRF3_HTR/Filters.vhd Line: 73
Error (10028): Can't resolve multiple constant drivers for net "FULL_IIR_OUT[0]" at Filters.vhd(73) File: C:/Users/geesamen/Documents/GitProjects/EES_REPO_CTRL/LLRF3_HTR/Filters.vhd Line: 73
Error (10028): Can't resolve multiple constant drivers for net "SIMPLE_IIR_OUT[15]" at Filters.vhd(81) File: C:/Users/geesamen/Documents/GitProjects/EES_REPO_CTRL/LLRF3_HTR/Filters.vhd Line: 81
Error (10028): Can't resolve multiple constant drivers for net "SIMPLE_IIR_OUT[14]" at Filters.vhd(81) File: C:/Users/geesamen/Documents/GitProjects/EES_REPO_CTRL/LLRF3_HTR/Filters.vhd Line: 81
Error (12152): Can't elaborate user hierarchy "ADS8688:inst5|FILTERS:CHA_DATA_FILTER" File: C:/Users/geesamen/Documents/GitProjects/EES_REPO_CTRL/LLRF3_HTR/ADS8688.vhd Line: 290
Error: Quartus Prime Analysis & Synthesis was unsuccessful. 20 errors, 6 warnings
    Error: Peak virtual memory: 4793 megabytes
    Error: Processing ended: Thu Aug 27 13:49:18 2026
    Error: Elapsed time: 00:00:07
    Error: Total CPU time (on all processors): 00:00:14


